{
    "should run without failures with swissprot": {
        "content": [
            [
                [
                    {
                        "id": "test_sample1",
                        "genome_id": "GCA_003719455.1",
                        "ena_tax": "default"
                    },
                    []
                ]
            ],
            {
                "UNIPROT_DATA": {
                    "UniProt": 202601,
                    "Python": "3.13.1"
                }
            }
        ],
        "meta": {
            "nf-test": "0.9.0",
            "nextflow": "25.04.1"
        },
        "timestamp": "2026-04-15T12:38:55.862469"
    },
    "Should run without failures": {
        "content": [
            [
                [
                    {
                        "id": "test_sample1",
                        "genome_id": "GCA_003719455.1",
                        "ena_tax": "default"
                    },
                    []
                ]
            ],
            {
                "UNIPROT_DATA": {
                    "UniProt": 202601,
                    "Python": "3.13.1"
                }
            }
        ],
        "meta": {
            "nf-test": "0.9.0",
            "nextflow": "25.04.1"
        },
        "timestamp": "2026-04-15T12:38:48.683328"
    }
}