{
    "Should run datascout pipeline end-to-end skipping RFAM accessions": {
        "content": [
            5,
            [
                "GCA_003719455.1_ENA_filtered_rna.csv",
                "GCA_003719455.1_reheaded_assembly.fasta",
                "pipeline_info",
                "test_sample1_orthodb_dir",
                "test_sample1_orthodb_dir/5690_sequences",
                "test_sample1_orthodb_dir/5690_sequences/combined_orthodb_5690.faa",
                "test_sample1_tax_ranks.tsv",
                "test_sample1_uniprot_dir",
                "test_sample1_uniprot_dir/5693_uniprot_proteins.faa",
                "test_sample1_uniprot_dir/5693_uniprot_raw.faa"
            ],
            [
                "GCA_003719455.1_reheaded_assembly.fasta:md5,fa4c17141ca1ffcae42f9e181946d3f4",
                "test_sample1_tax_ranks.tsv:md5,b06eebb92f06f93c2894fb5f4e685d13"
            ]
        ],
        "meta": {
            "nf-test": "0.9.2",
            "nextflow": "24.10.4"
        },
        "timestamp": "2026-07-03T10:44:43.23008"
    }
}