{
    "Should run without failures": {
        "content": [
            [
                "5690_sequences",
                "combined_orthodb_5690.faa"
            ]
        ],
        "meta": {
            "nf-test": "0.9.2",
            "nextflow": "24.10.4"
        },
        "timestamp": "2026-06-29T16:35:36.890611575"
    }
}